<?xml version="1.0" encoding="utf-8"?><testsuites name="pytest tests"><testsuite name="pytest" errors="0" failures="0" skipped="0" tests="411" time="17.101" timestamp="2025-11-14T15:30:53.536120+01:00" hostname="macbookpro.home.wuerl.net"><testcase classname="tests.builder.test_builder_base.TestBuilderError" name="test_is_error_subclass" time="0.001" /><testcase classname="tests.builder.test_builder_base.TestBuilderError" name="test_can_be_raised" time="0.000" /><testcase classname="tests.builder.test_builder_base.TestBase" name="test_base_can_be_instantiated" time="0.000" /><testcase classname="tests.builder.test_builder_base.TestBase" name="test_base_is_empty" time="0.000" /><testcase classname="tests.builder.test_builder_base.TestTimestamp" name="test_timestamp_initialization" time="0.000" /><testcase classname="tests.builder.test_builder_base.TestTimestamp" name="test_timestamp_inherits_from_base" time="0.000" /><testcase classname="tests.builder.test_builder_base.TestTimestamp" name="test_set_timestamp_with_datetime" time="0.000" /><testcase classname="tests.builder.test_builder_base.TestTimestamp" name="test_set_timestamp_with_timestamp_object" time="0.000" /><testcase classname="tests.builder.test_builder_base.TestTimestamp" name="test_set_timestamp_with_nanosecond_offset" time="0.000" /><testcase classname="tests.builder.test_builder_base.TestTimestamp" name="test_set_timestamp_with_none_clears_timestamp" time="0.000" /><testcase classname="tests.builder.test_builder_base.TestTimestamp" name="test_set_timestamp_returns_self_for_chaining" time="0.000" /><testcase classname="tests.builder.test_builder_base.TestTimestamp" name="test_build_returns_timestamp" time="0.000" /><testcase classname="tests.builder.test_builder_base.TestTimestamp" name="test_build_returns_none_when_no_timestamp_set" time="0.000" /><testcase classname="tests.builder.test_builder_base.TestTimestamp" name="test_timestamp_with_zero_nanoseconds" time="0.000" /><testcase classname="tests.builder.test_builder_base.TestTimestamp" name="test_timestamp_with_multiple_nanosecond_offsets" time="0.000" /><testcase classname="tests.builder.test_builder_base.TestEvent" name="test_event_initialization" time="0.000" /><testcase classname="tests.builder.test_builder_base.TestEvent" name="test_event_inherits_from_timestamp" time="0.000" /><testcase classname="tests.builder.test_builder_base.TestEvent" name="test_set_x_coordinate" time="0.000" /><testcase classname="tests.builder.test_builder_base.TestEvent" name="test_set_y_coordinate" time="0.000" /><testcase classname="tests.builder.test_builder_base.TestEvent" name="test_set_x_returns_self_for_chaining" time="0.000" /><testcase classname="tests.builder.test_builder_base.TestEvent" name="test_set_y_returns_self_for_chaining" time="0.000" /><testcase classname="tests.builder.test_builder_base.TestEvent" name="test_method_chaining" time="0.000" /><testcase classname="tests.builder.test_builder_base.TestEvent" name="test_build_returns_event_object" time="0.000" /><testcase classname="tests.builder.test_builder_base.TestEvent" name="test_build_event_with_coordinates" time="0.000" /><testcase classname="tests.builder.test_builder_base.TestEvent" name="test_build_event_with_timestamp" time="0.000" /><testcase classname="tests.builder.test_builder_base.TestEvent" name="test_build_with_negative_coordinates" time="0.000" /><testcase classname="tests.builder.test_builder_base.TestEvent" name="test_build_with_zero_coordinates" time="0.000" /><testcase classname="tests.builder.test_builder_base.TestEvent" name="test_build_with_large_coordinates" time="0.000" /><testcase classname="tests.builder.test_builder_base.TestEvent" name="test_multiple_event_builds" time="0.000" /><testcase classname="tests.builder.test_builder_base.TestEvent" name="test_overwriting_coordinates" time="0.000" /><testcase classname="tests.builder.test_builder_strike.TestStrikeBuilder" name="test_strike_inherits_from_event" time="0.000" /><testcase classname="tests.builder.test_builder_strike.TestStrikeBuilder" name="test_strike_initialization" time="0.000" /><testcase classname="tests.builder.test_builder_strike.TestStrikeBuilder" name="test_position_parser_regex" time="0.000" /><testcase classname="tests.builder.test_builder_strike.TestStrikeBuilder" name="test_amplitude_parser_regex" time="0.000" /><testcase classname="tests.builder.test_builder_strike.TestStrikeBuilder" name="test_deviation_parser_regex" time="0.000" /><testcase classname="tests.builder.test_builder_strike.TestStrikeBuilder" name="test_stations_parser_regex" time="0.000" /><testcase classname="tests.builder.test_builder_strike.TestStrikeBuilder" name="test_set_id" time="0.000" /><testcase classname="tests.builder.test_builder_strike.TestStrikeBuilder" name="test_set_altitude" time="0.000" /><testcase classname="tests.builder.test_builder_strike.TestStrikeBuilder" name="test_set_amplitude" time="0.000" /><testcase classname="tests.builder.test_builder_strike.TestStrikeBuilder" name="test_set_lateral_error" time="0.000" /><testcase classname="tests.builder.test_builder_strike.TestStrikeBuilder" name="test_set_lateral_error_clamping_lower" time="0.000" /><testcase classname="tests.builder.test_builder_strike.TestStrikeBuilder" name="test_set_lateral_error_clamping_upper" time="0.000" /><testcase classname="tests.builder.test_builder_strike.TestStrikeBuilder" name="test_set_station_count" time="0.000" /><testcase classname="tests.builder.test_builder_strike.TestStrikeBuilder" name="test_set_stations" time="0.000" /><testcase classname="tests.builder.test_builder_strike.TestStrikeBuilder" name="test_method_chaining" time="0.000" /><testcase classname="tests.builder.test_builder_strike.TestStrikeBuilder" name="test_from_line_with_valid_data" time="0.002" /><testcase classname="tests.builder.test_builder_strike.TestStrikeBuilder" name="test_from_line_with_missing_stations" time="0.000" /><testcase classname="tests.builder.test_builder_strike.TestStrikeBuilder" name="test_from_line_with_no_stations" time="0.000" /><testcase classname="tests.builder.test_builder_strike.TestStrikeBuilder" name="test_from_line_with_invalid_format_raises_error" time="0.001" /><testcase classname="tests.builder.test_builder_strike.TestStrikeBuilder" name="test_from_line_with_missing_position_raises_error" time="0.000" /><testcase classname="tests.builder.test_builder_strike.TestStrikeBuilder" name="test_from_line_with_invalid_float_raises_error" time="0.000" /><testcase classname="tests.builder.test_builder_strike.TestStrikeBuilder" name="test_build_returns_strike_object" time="0.000" /><testcase classname="tests.builder.test_builder_strike.TestStrikeBuilder" name="test_build_with_complete_data" time="0.000" /><testcase classname="tests.builder.test_builder_strike.TestStrikeBuilder" name="test_build_with_default_id" time="0.000" /><testcase classname="tests.builder.test_builder_strike.TestStrikeBuilder" name="test_from_line_parsing_negative_coordinates" time="0.000" /><testcase classname="tests.dataimport.test_dataimport_base.TestFileTransport" name="test_file_transport_is_transport_abstract" time="0.000" /><testcase classname="tests.dataimport.test_dataimport_base.TestFileTransport" name="test_read_lines_from_nonexistent_file" time="0.000" /><testcase classname="tests.dataimport.test_dataimport_base.TestFileTransport" name="test_read_lines_from_existing_file" time="0.001" /><testcase classname="tests.dataimport.test_dataimport_base.TestFileTransport" name="test_read_lines_is_generator" time="0.000" /><testcase classname="tests.dataimport.test_dataimport_base.TestFileTransport" name="test_read_lines_with_post_process" time="0.001" /><testcase classname="tests.dataimport.test_dataimport_base.TestFileTransport" name="test_read_lines_empty_file" time="0.000" /><testcase classname="tests.dataimport.test_dataimport_base.TestBlitzortungDataPath" name="test_initialization_with_default_base_path" time="0.000" /><testcase classname="tests.dataimport.test_dataimport_base.TestBlitzortungDataPath" name="test_initialization_with_custom_base_path" time="0.000" /><testcase classname="tests.dataimport.test_dataimport_base.TestBlitzortungDataPath" name="test_default_host_name" time="0.000" /><testcase classname="tests.dataimport.test_dataimport_base.TestBlitzortungDataPath" name="test_default_region" time="0.000" /><testcase classname="tests.dataimport.test_dataimport_base.TestBlitzortungDataPath" name="test_build_path_with_defaults" time="0.000" /><testcase classname="tests.dataimport.test_dataimport_base.TestBlitzortungDataPath" name="test_build_path_with_custom_host_name" time="0.000" /><testcase classname="tests.dataimport.test_dataimport_base.TestBlitzortungDataPath" name="test_build_path_with_custom_region" time="0.000" /><testcase classname="tests.dataimport.test_dataimport_base.TestBlitzortungDataPath" name="test_build_path_formats_template" time="0.000" /><testcase classname="tests.dataimport.test_dataimport_base.TestBlitzortungDataPathGenerator" name="test_time_granularity" time="0.000" /><testcase classname="tests.dataimport.test_dataimport_base.TestBlitzortungDataPathGenerator" name="test_url_path_format" time="0.000" /><testcase classname="tests.dataimport.test_dataimport_base.TestBlitzortungDataPathGenerator" name="test_get_paths_single_interval" time="0.000" /><testcase classname="tests.dataimport.test_dataimport_base.TestBlitzortungDataPathGenerator" name="test_get_paths_multiple_intervals" time="0.000" /><testcase classname="tests.dataimport.test_dataimport_base.TestBlitzortungDataPathGenerator" name="test_get_paths_without_end_time" time="0.000" /><testcase classname="tests.dataimport.test_dataimport_base.TestBlitzortungDataPathGenerator" name="test_get_paths_rounds_to_intervals" time="0.000" /><testcase classname="tests.dataimport.test_dataimport_base.TestBlitzortungDataPathGenerator" name="test_get_paths_returns_generator" time="0.000" /><testcase classname="tests.dataimport.test_dataimport_init.TestDataimportFactoryFunctions" name="test_strikes_factory" time="0.002" /><testcase classname="tests.db.test_db.TestBase" name="test_is_connected" time="5.708" /><testcase classname="tests.db.test_db.TestBase" name="test_full_table_name" time="0.126" /><testcase classname="tests.db.test_db.TestBase" name="test_get_timezone" time="0.112" /><testcase classname="tests.db.test_db.TestBase" name="test_fix_timezone" time="0.116" /><testcase classname="tests.db.test_db.TestBase" name="test_from_bare_utc_to_timezone" time="0.117" /><testcase classname="tests.db.test_db.TestBase" name="test_from_timezone_to_bare_utc" time="0.121" /><testcase classname="tests.db.test_db" name="test_db_version" time="0.047" /><testcase classname="tests.db.test_db" name="test_db_version_pool" time="0.125" /><testcase classname="tests.db.test_db" name="test_empty_query" time="0.220" /><testcase classname="tests.db.test_db" name="test_insert_with_rollback" time="0.233" /><testcase classname="tests.db.test_db" name="test_insert_without_commit" time="0.227" /><testcase classname="tests.db.test_db" name="test_insert_and_select_strike" time="0.229" /><testcase classname="tests.db.test_db" name="test_get_latest_time" time="0.230" /><testcase classname="tests.db.test_db" name="test_get_latest_time_with_region" time="0.244" /><testcase classname="tests.db.test_db" name="test_get_latest_time_with_region_match" time="0.230" /><testcase classname="tests.db.test_db" name="test_get_latest_time_with_region_mismatch" time="0.245" /><testcase classname="tests.db.test_db" name="test_grid_query[100000-expected0]" time="0.272" /><testcase classname="tests.db.test_db" name="test_grid_query[50000-expected1]" time="0.275" /><testcase classname="tests.db.test_db" name="test_grid_query[25000-expected2]" time="0.286" /><testcase classname="tests.db.test_db" name="test_grid_query[10000-expected3]" time="0.264" /><testcase classname="tests.db.test_db" name="test_grid_query[5000-expected4]" time="0.253" /><testcase classname="tests.db.test_db" name="test_issues_with_missing_data_on_grid_query" time="0.260" /><testcase classname="tests.db.test_db" name="test_grid_query_with_count_threshold" time="0.261" /><testcase classname="tests.db.test_db" name="test_global_grid_query[100000-expected0]" time="0.296" /><testcase classname="tests.db.test_db" name="test_global_grid_query[50000-expected1]" time="0.274" /><testcase classname="tests.db.test_db" name="test_global_grid_query[25000-expected2]" time="0.267" /><testcase classname="tests.db.test_db" name="test_global_grid_query[10000-expected3]" time="0.264" /><testcase classname="tests.db.test_db" name="test_global_grid_query[5000-expected4]" time="0.264" /><testcase classname="tests.db.test_db" name="test_empty_query2" time="0.223" /><testcase classname="tests.db.test_db" name="test_histogram_query[15-expected0]" time="0.261" /><testcase classname="tests.db.test_db" name="test_histogram_query[0-expected1]" time="0.277" /><testcase classname="tests.db.test_db" name="test_histogram_query[-15-expected2]" time="0.268" /><testcase classname="tests.db.test_db" name="test_histogram_query[-30-expected3]" time="0.458" /><testcase classname="tests.db.test_db_grid_result.TestBuildGridResult" name="test_empty_results_returns_empty_tuple" time="0.000" /><testcase classname="tests.db.test_db_grid_result.TestBuildGridResult" name="test_single_valid_result" time="0.000" /><testcase classname="tests.db.test_db_grid_result.TestBuildGridResult" name="test_multiple_valid_results" time="0.000" /><testcase classname="tests.db.test_db_grid_result.TestBuildGridResult" name="test_filters_out_of_bounds_x" time="0.000" /><testcase classname="tests.db.test_db_grid_result.TestBuildGridResult" name="test_filters_out_of_bounds_y" time="0.000" /><testcase classname="tests.db.test_db_grid_result.TestBuildGridResult" name="test_y_coordinate_transformation" time="0.000" /><testcase classname="tests.db.test_db_grid_result.TestBuildGridResult" name="test_time_delta_calculation" time="0.000" /><testcase classname="tests.db.test_db_grid_result.TestBuildGridResult" name="test_strike_count_preserved" time="0.000" /><testcase classname="tests.db.test_db_grid_result.TestBuildGridResult" name="test_returns_tuple_not_list" time="0.000" /><testcase classname="tests.db.test_db_grid_result.TestBuildGridResult" name="test_large_grid_dimensions" time="0.000" /><testcase classname="tests.db.test_db_init.TestDbFactoryFunctions" name="test_strike_factory" time="0.116" /><testcase classname="tests.db.test_db_init.TestDbModule" name="test_cleanup_closes_connection_pool" time="0.001" /><testcase classname="tests.db.test_db_mapper.TestStrikeMapper" name="test_strike_mapper" time="0.003" /><testcase classname="tests.db.test_db_mapper.TestStrikeMapper" name="test_strike_mapper_with_timezone" time="0.002" /><testcase classname="tests.db.test_db_mapper.TestStrikeMapper" name="test_strike_mapper_without_timestamp" time="0.002" /><testcase classname="tests.db.test_db_query.TestIdInterval" name="test_nothing_set" time="0.001" /><testcase classname="tests.db.test_db_query.TestIdInterval" name="test_start_set" time="0.001" /><testcase classname="tests.db.test_db_query.TestIdInterval" name="test_start_and_stop_set" time="0.000" /><testcase classname="tests.db.test_db_query.TestIdInterval" name="test_exception_when_start_is_not_integer" time="0.000" /><testcase classname="tests.db.test_db_query.TestIdInterval" name="test_exception_when_end_is_not_integer" time="0.000" /><testcase classname="tests.db.test_db_query.TestTimeInterval" name="test_nothing_set" time="0.000" /><testcase classname="tests.db.test_db_query.TestTimeInterval" name="test_start_set" time="0.000" /><testcase classname="tests.db.test_db_query.TestTimeInterval" name="test_start_and_stop_set" time="0.000" /><testcase classname="tests.db.test_db_query.TestTimeInterval" name="test_get_duration" time="0.000" /><testcase classname="tests.db.test_db_query.TestTimeInterval" name="test_get_minutes" time="0.000" /><testcase classname="tests.db.test_db_query.TestTimeInterval" name="test_get_minutes_fails_with_incomplete_range" time="0.000" /><testcase classname="tests.db.test_db_query.TestTimeInterval" name="test_exception_when_start_is_not_datetime" time="0.000" /><testcase classname="tests.db.test_db_query.TestTimeInterval" name="test_exception_when_end_is_not_datetime" time="0.000" /><testcase classname="tests.db.test_db_query.TestQuery" name="test_initialization" time="0.001" /><testcase classname="tests.db.test_db_query.TestQuery" name="test_add_group_by" time="0.000" /><testcase classname="tests.db.test_db_query.TestQuery" name="test_add_group_with_having_condition" time="0.000" /><testcase classname="tests.db.test_db_query.TestQuery" name="test_add_having_has_no_effect_without_group" time="0.000" /><testcase classname="tests.db.test_db_query.TestQuery" name="test_add_condition" time="0.000" /><testcase classname="tests.db.test_db_query.TestQuery" name="test_add_condition_with_parameters" time="0.001" /><testcase classname="tests.db.test_db_query.TestQuery" name="test_add_order" time="0.001" /><testcase classname="tests.db.test_db_query.TestQuery" name="test_add_order_with_multiple_elements" time="0.000" /><testcase classname="tests.db.test_db_query.TestQuery" name="test_add_order_with_multiple_mixed_elements" time="0.000" /><testcase classname="tests.db.test_db_query.TestQuery" name="test_set_limit" time="0.001" /><testcase classname="tests.db.test_db_query.TestQuery" name="test_parse_args_with_id_interval" time="0.001" /><testcase classname="tests.db.test_db_query.TestQuery" name="test_parse_args_with_time_interval" time="0.000" /><testcase classname="tests.db.test_db_query.TestQuery" name="test_parse_args_with_order" time="0.000" /><testcase classname="tests.db.test_db_query.TestQuery" name="test_parse_args_with_limit" time="0.000" /><testcase classname="tests.db.test_db_query.TestSelectQuery" name="test_initialization" time="0.000" /><testcase classname="tests.db.test_db_query.TestSelectQuery" name="test_set_table_name" time="0.000" /><testcase classname="tests.db.test_db_query.TestSelectQuery" name="test_set_columns" time="0.000" /><testcase classname="tests.db.test_db_query.TestSelectQuery" name="test_add_column" time="0.000" /><testcase classname="tests.db.test_db_query.TestSelectQuery" name="test_add_condition" time="0.000" /><testcase classname="tests.db.test_db_query.TestSelectQuery" name="test_add_parameters" time="0.000" /><testcase classname="tests.db.test_db_query.TestGridQuery" name="test_with_raster" time="0.001" /><testcase classname="tests.db.test_db_query_builder.TestStrike" name="test_select_query" time="0.001" /><testcase classname="tests.db.test_db_query_builder.TestStrike" name="test_grid_query" time="0.001" /><testcase classname="tests.db.test_db_query_builder.TestStrike" name="test_grid_query_spanning_equator" time="0.001" /><testcase classname="tests.db.test_db_query_builder.TestStrike" name="test_grid_query_with_count_threshold" time="0.001" /><testcase classname="tests.db.test_db_query_builder.TestStrikeCluster" name="test_select_query" time="0.001" /><testcase classname="tests.db.test_db_table.TestDatabaseTableBase" name="test_base_has_default_timezone" time="0.000" /><testcase classname="tests.db.test_db_table.TestDatabaseTableBase" name="test_full_table_name_without_schema" time="0.000" /><testcase classname="tests.db.test_db_table.TestDatabaseTableBase" name="test_strike_table_name" time="0.000" /><testcase classname="tests.db.test_db_table.TestDatabaseTableBase" name="test_timezone_property_exists" time="0.000" /><testcase classname="tests.db.test_db_table.TestDatabaseTableBase" name="test_srid_property_exists" time="0.000" /><testcase classname="tests.db.test_db_table.TestDatabaseTableBase" name="test_connection_check_method_exists" time="0.000" /><testcase classname="tests.db.test_db_table.TestDatabaseTableBase" name="test_transaction_methods_exist" time="0.000" /><testcase classname="tests.db.test_db_table.TestDatabaseTableBase" name="test_execute_methods_exist" time="0.000" /><testcase classname="tests.db.test_db_table.TestDatabaseTableBase" name="test_timezone_conversion_methods_exist" time="0.000" /><testcase classname="tests.db.test_db_table.TestStrikeTable" name="test_strike_inherits_from_base" time="0.000" /><testcase classname="tests.db.test_db_table.TestStrikeTable" name="test_strike_table_name_is_strikes" time="0.000" /><testcase classname="tests.db.test_db_table.TestStrikeTable" name="test_strike_has_insert_method" time="0.000" /><testcase classname="tests.db.test_db_table.TestStrikeTable" name="test_strike_has_select_method" time="0.000" /><testcase classname="tests.db.test_db_table.TestStrikeTable" name="test_strike_has_grid_methods" time="0.000" /><testcase classname="tests.db.test_db_table.TestStrikeTable" name="test_strike_has_histogram_method" time="0.000" /><testcase classname="tests.db.test_db_table.TestStrikeTable" name="test_strike_has_get_latest_time_method" time="0.000" /><testcase classname="tests.db.test_db_table.TestStrikeTable" name="test_strike_initialization_requires_connection_pool" time="0.000" /><testcase classname="tests.db.test_db_table.TestStrikeTable" name="test_strike_initialization_requires_query_builder" time="0.000" /><testcase classname="tests.db.test_db_table.TestStrikeTable" name="test_strike_initialization_requires_mapper" time="0.000" /><testcase classname="tests.service.test_general.TestCreateTimeInterval" name="test_creates_time_interval_object" time="0.001" /><testcase classname="tests.service.test_general.TestCreateTimeInterval" name="test_interval_duration_matches_minute_length" time="0.000" /><testcase classname="tests.service.test_general.TestCreateTimeInterval" name="test_interval_with_zero_offset" time="0.000" /><testcase classname="tests.service.test_general.TestCreateTimeInterval" name="test_interval_with_positive_offset" time="0.000" /><testcase classname="tests.service.test_general.TestCreateTimeInterval" name="test_interval_with_negative_offset" time="0.000" /><testcase classname="tests.service.test_general.TestCreateTimeInterval" name="test_interval_has_utc_timezone" time="0.000" /><testcase classname="tests.service.test_general.TestTimingState" name="test_initialization_sets_name" time="0.001" /><testcase classname="tests.service.test_general.TestTimingState" name="test_initialization_sets_statsd_client" time="0.001" /><testcase classname="tests.service.test_general.TestTimingState" name="test_initialization_sets_empty_info_text" time="0.001" /><testcase classname="tests.service.test_general.TestTimingState" name="test_initialization_sets_reference_time" time="0.000" /><testcase classname="tests.service.test_general.TestTimingState" name="test_get_seconds_returns_elapsed_time" time="0.104" /><testcase classname="tests.service.test_general.TestTimingState" name="test_get_seconds_with_custom_reference_time" time="0.001" /><testcase classname="tests.service.test_general.TestTimingState" name="test_get_milliseconds_returns_elapsed_milliseconds" time="0.101" /><testcase classname="tests.service.test_general.TestTimingState" name="test_get_milliseconds_minimum_is_one" time="0.001" /><testcase classname="tests.service.test_general.TestTimingState" name="test_reset_timer_updates_reference_time" time="0.055" /><testcase classname="tests.service.test_general.TestTimingState" name="test_log_timing_calls_statsd_timing" time="0.056" /><testcase classname="tests.service.test_general.TestTimingState" name="test_log_timing_with_custom_reference_time" time="0.001" /><testcase classname="tests.service.test_general.TestTimingState" name="test_log_gauge_calls_statsd_gauge" time="0.001" /><testcase classname="tests.service.test_general.TestTimingState" name="test_log_incr_calls_statsd_incr" time="0.001" /><testcase classname="tests.service.test_general.TestTimingState" name="test_add_info_text_appends_to_list" time="0.000" /><testcase classname="tests.service.test_general.TestTimingState" name="test_add_info_text_multiple_calls" time="0.001" /><testcase classname="tests.service.test_general.TestTimingState" name="test_add_info_text_preserves_existing_items" time="0.001" /><testcase classname="tests.service.test_histogram.TestHistogramQuery" name="test_create" time="0.002" /><testcase classname="tests.service.test_histogram.TestHistogramQuery" name="test_build_result" time="0.001" /><testcase classname="tests.service.test_service_init.TestServiceFactoryFunctions" name="test_strike_query_factory" time="0.001" /><testcase classname="tests.service.test_service_init.TestServiceFactoryFunctions" name="test_strike_grid_query_factory" time="0.001" /><testcase classname="tests.service.test_service_init.TestServiceFactoryFunctions" name="test_global_strike_grid_query_factory" time="0.001" /><testcase classname="tests.service.test_service_init.TestServiceFactoryFunctions" name="test_histogram_query_factory" time="0.001" /><testcase classname="tests.service.test_strike_grid.TestStrikeGridQuery" name="test_create" time="0.002" /><testcase classname="tests.service.test_strike_grid.TestStrikeGridQuery" name="test_build_result" time="0.002" /><testcase classname="tests.service.test_strike_grid.TestStrikeGridQuery" name="test_build_grid_response" time="0.002" /><testcase classname="tests.service.test_strike_grid.TestGlobalStrikeGridQuery" name="test_create" time="0.002" /><testcase classname="tests.service.test_strike_grid.TestGlobalStrikeGridQuery" name="test_build_result" time="0.002" /><testcase classname="tests.service.test_strike_grid.TestGlobalStrikeGridQuery" name="test_build_grid_response" time="0.002" /><testcase classname="tests.service.test_strikes.TestStrikeGridQuery" name="test_create" time="0.002" /><testcase classname="tests.service.test_strikes.TestStrikeGridQuery" name="test_build_result" time="0.001" /><testcase classname="tests.service.test_strikes.TestStrikeGridQuery" name="test_build_empty_result" time="0.001" /><testcase classname="tests.service.test_strikes.TestStrikeGridQuery" name="test_build_strikes_response" time="0.001" /><testcase classname="tests.test_base.TestPoint" name="test_get_coordinate_components" time="0.000" /><testcase classname="tests.test_base.TestPoint" name="test_get_azimuth" time="0.002" /><testcase classname="tests.test_base.TestPoint" name="test_get_distance" time="0.000" /><testcase classname="tests.test_base.TestPoint" name="test_get_geodesic_relation" time="0.000" /><testcase classname="tests.test_base.TestPoint" name="test_geodesic_shift" time="0.000" /><testcase classname="tests.test_base.TestPoint" name="test_to_string" time="0.000" /><testcase classname="tests.test_builder.TestTimestamp" name="test_initial_value" time="0.000" /><testcase classname="tests.test_builder.TestTimestamp" name="test_set_timestamp_from_none_value" time="0.000" /><testcase classname="tests.test_builder.TestTimestamp" name="test_set_timestamp_from_datetime" time="0.000" /><testcase classname="tests.test_builder.TestTimestamp" name="test_value_property" time="0.000" /><testcase classname="tests.test_builder.TestTimestamp" name="test_value_property_with_nanoseconds" time="0.000" /><testcase classname="tests.test_builder.TestTimestamp" name="test_set_timestamp_from_bad_string" time="0.000" /><testcase classname="tests.test_builder.TestTimestamp" name="test_set_timestamp_from_string" time="0.000" /><testcase classname="tests.test_builder.TestTimestamp" name="test_set_timestamp_from_millisecond_string" time="0.000" /><testcase classname="tests.test_builder.TestTimestamp" name="test_create_from_string_wihtout_fractional_seconds" time="0.000" /><testcase classname="tests.test_builder.TestTimestamp" name="test_create_from_nanosecond_string" time="0.000" /><testcase classname="tests.test_builder.TestStrike" name="test_default_values" time="0.000" /><testcase classname="tests.test_builder.TestStrike" name="test_set_id" time="0.000" /><testcase classname="tests.test_builder.TestStrike" name="test_set_timestamp" time="0.000" /><testcase classname="tests.test_builder.TestStrike" name="test_set_lateral_error_lower_limit" time="0.000" /><testcase classname="tests.test_builder.TestStrike" name="test_set_lateral_error_upper_limit" time="0.000" /><testcase classname="tests.test_builder.TestStrike" name="test_build_strike_from_line" time="0.000" /><testcase classname="tests.test_builder.TestStrike" name="test_build_strike_from_bad_line" time="0.001" /><testcase classname="tests.test_cache.TestCacheEntry" name="test_is_valid" time="0.000" /><testcase classname="tests.test_cache.TestCacheEntry" name="test_get_payload" time="0.000" /><testcase classname="tests.test_cache.TestCacheEntry" name="test_get_payload_increases_hit_count" time="0.000" /><testcase classname="tests.test_cache.TestCacheEntry" name="test_get_hit_count" time="0.000" /><testcase classname="tests.test_cache.TestObjectCache" name="test_get_time_to_live_default_value" time="0.000" /><testcase classname="tests.test_cache.TestObjectCache" name="test_get_time_to_live" time="0.000" /><testcase classname="tests.test_cache.TestObjectCache" name="test_get" time="0.000" /><testcase classname="tests.test_cache.TestObjectCache" name="test_get_caches_objects" time="0.000" /><testcase classname="tests.test_cache.TestObjectCache" name="test_clear_clears_cache" time="0.000" /><testcase classname="tests.test_cache.TestObjectCache" name="test_clear_resets_counters" time="0.000" /><testcase classname="tests.test_cache.TestObjectCache" name="test_get_creates_new_object_if_original_object_is_expired" time="0.000" /><testcase classname="tests.test_cache.TestObjectCache" name="test_get_different_objects_for_different_create_objects" time="0.000" /><testcase classname="tests.test_cache.TestObjectCache" name="test_get_with_arg_is_called_with_same_arg" time="0.000" /><testcase classname="tests.test_cache.TestObjectCache" name="test_get_with_arg_is_cached" time="0.000" /><testcase classname="tests.test_cache.TestObjectCache" name="test_get_with_kwargs_is_called_with_same_kwargs" time="0.000" /><testcase classname="tests.test_cache.TestObjectCache" name="test_get_with_kwargs_is_cached" time="0.000" /><testcase classname="tests.test_cache.TestObjectCache" name="test_get_with_kwargs_and_simlar_arg_and_is_not_cached" time="0.000" /><testcase classname="tests.test_cache.TestObjectCache" name="test_get_ratio" time="0.000" /><testcase classname="tests.test_cache.TestObjectCacheWithSize" name="test_limited_size" time="0.000" /><testcase classname="tests.test_cache.TestObjectCacheWithSize" name="test_track_recent_usage" time="0.000" /><testcase classname="tests.test_cache.TestObjectCacheWithSize" name="test_expiry" time="1.003" /><testcase classname="tests.test_cache.TestObjectCacheWithSize" name="test_auto_expiry" time="1.003" /><testcase classname="tests.test_cache" name="test_bench_object_cache_get" time="0.142" /><testcase classname="tests.test_cache" name="test_bench_object_cache_with_size_get" time="0.136" /><testcase classname="tests.test_cache" name="test_bench_object_cache_generate_cache_key" time="0.100" /><testcase classname="tests.test_config.TestConfig" name="test_get_username" time="0.001" /><testcase classname="tests.test_config.TestConfig" name="test_get_password" time="0.000" /><testcase classname="tests.test_config.TestConfig" name="test_get_db_connection_string" time="0.001" /><testcase classname="tests.test_config.TestConfig" name="test_get_webservice_port" time="0.000" /><testcase classname="tests.test_config.TestConfig" name="test_string_representation" time="0.000" /><testcase classname="tests.test_config.TestConfigModule" name="test_provide_config_parser" time="0.006" /><testcase classname="tests.test_config.TestConfigModule" name="test_get_config" time="0.002" /><testcase classname="tests.test_convert.TestValueToString" name="test_float_formatting_with_four_decimals" time="0.000" /><testcase classname="tests.test_convert.TestValueToString" name="test_float_zero" time="0.000" /><testcase classname="tests.test_convert.TestValueToString" name="test_integer_converted_to_string" time="0.000" /><testcase classname="tests.test_convert.TestValueToString" name="test_string_passed_through" time="0.000" /><testcase classname="tests.test_convert.TestValueToString" name="test_negative_float" time="0.000" /><testcase classname="tests.test_convert.TestValueToString" name="test_very_small_float" time="0.000" /><testcase classname="tests.test_convert.TestValueToString" name="test_very_large_float" time="0.000" /><testcase classname="tests.test_convert.TestValueToString" name="test_scientific_notation_float" time="0.000" /><testcase classname="tests.test_convert.TestValueToString" name="test_none_value" time="0.000" /><testcase classname="tests.test_convert.TestValueToString" name="test_bool_true" time="0.000" /><testcase classname="tests.test_convert.TestValueToString" name="test_bool_false" time="0.000" /><testcase classname="tests.test_convert.TestValueToString" name="test_float_infinity" time="0.000" /><testcase classname="tests.test_convert.TestValueToString" name="test_float_negative_infinity" time="0.000" /><testcase classname="tests.test_convert.TestValueToString" name="test_float_nan" time="0.000" /><testcase classname="tests.test_data.TestTimestamp" name="test_value" time="0.000" /><testcase classname="tests.test_data.TestTimestamp" name="test_difference" time="0.000" /><testcase classname="tests.test_data.TestTimestamp" name="test_from_nanoseconds" time="0.000" /><testcase classname="tests.test_data.TestTimedelta" name="test_normalizing" time="0.000" /><testcase classname="tests.test_data.TestEvent" name="test_create_and_get_values" time="0.000" /><testcase classname="tests.test_data.TestEvent" name="test_time_comparison" time="0.000" /><testcase classname="tests.test_data.TestEvent" name="test_time_difference" time="0.000" /><testcase classname="tests.test_data.TestEvent" name="test_is_valid" time="0.000" /><testcase classname="tests.test_data.TestEvent" name="test_is_valid_returning_false_if_event_is_not_valid" time="0.000" /><testcase classname="tests.test_data.TestStrike" name="test_get_id" time="0.000" /><testcase classname="tests.test_data.TestStrike" name="test_get_timestamp" time="0.000" /><testcase classname="tests.test_data.TestStrike" name="test_get_location" time="0.000" /><testcase classname="tests.test_data.TestStrike" name="test_get_altitude" time="0.000" /><testcase classname="tests.test_data.TestStrike" name="test_get_amplitude" time="0.000" /><testcase classname="tests.test_data.TestStrike" name="test_get_lateral_error" time="0.000" /><testcase classname="tests.test_data.TestStrike" name="test_get_station_count" time="0.000" /><testcase classname="tests.test_data.TestStrike" name="test_get_default_stations" time="0.000" /><testcase classname="tests.test_data.TestStrike" name="test_with_stations" time="0.000" /><testcase classname="tests.test_data.TestStrike" name="test_has_participant" time="0.000" /><testcase classname="tests.test_data.TestStrike" name="test_string_represenation" time="0.000" /><testcase classname="tests.test_data.TestGridData" name="test_get_grid" time="0.000" /><testcase classname="tests.test_data.TestGridData" name="test_empty_raster" time="0.000" /><testcase classname="tests.test_data.TestGridData" name="test_empty_raster_to_arcgrid" time="0.000" /><testcase classname="tests.test_data.TestGridData" name="test_empty_raster_to_map" time="0.000" /><testcase classname="tests.test_data.TestGridData" name="test_cell_index[5-5-1]" time="0.001" /><testcase classname="tests.test_data.TestGridData" name="test_cell_index[6-5-2]" time="0.000" /><testcase classname="tests.test_data.TestGridData" name="test_cell_index[10-5-2]" time="0.001" /><testcase classname="tests.test_data.TestGridData" name="test_cell_index[11-5-3]" time="0.000" /><testcase classname="tests.test_data.TestGridData" name="test_empty_cell_index" time="0.000" /><testcase classname="tests.test_data.TestGridData" name="test_max_and_total" time="0.000" /><testcase classname="tests.test_data.TestGridData" name="test_empty_raster_to_reduced_array" time="0.000" /><testcase classname="tests.test_data.TestGridData" name="test_raster_to_arcgrid" time="0.000" /><testcase classname="tests.test_data.TestGridData" name="test_raster_to_map" time="0.000" /><testcase classname="tests.test_data.TestGridData" name="test_raster_to_reduced_array" time="0.000" /><testcase classname="tests.test_data.TestGridData" name="test_raster_set_outside_valid_index_value_does_not_throw_exception" time="0.000" /><testcase classname="tests.test_data_benchmark" name="test_bench_event" time="0.090" /><testcase classname="tests.test_data_benchmark" name="test_bench_point" time="0.082" /><testcase classname="tests.test_data_benchmark" name="test_bench_envelope" time="0.084" /><testcase classname="tests.test_dataimport.TestHttpDataTransport" name="test_read_lines_from_url" time="0.001" /><testcase classname="tests.test_dataimport.TestHttpDataTransport" name="test_read_data" time="0.000" /><testcase classname="tests.test_dataimport.TestHttpDataTransport" name="test_read_data_with_empty_response" time="0.000" /><testcase classname="tests.test_dataimport.TestHttpDataTransport" name="test_read_lines_from_url_with_post_process" time="0.000" /><testcase classname="tests.test_dataimport.TestHttpDataTransport" name="test_read_from_url_with_error" time="0.000" /><testcase classname="tests.test_dataimport.TestBlitzortungDataUrl" name="test_default_values" time="0.000" /><testcase classname="tests.test_dataimport.TestBlitzortungDataUrl" name="test_specific_values" time="0.000" /><testcase classname="tests.test_dataimport.TestBlitzortungDataUrl" name="test_with_user_defined_base" time="0.000" /><testcase classname="tests.test_dataimport.TestBlitzortungHistoryUrlGenerator" name="test_strike_url_iterator" time="0.000" /><testcase classname="tests.test_dataimport.TestStrikesBlitzortungDataProvider" name="test_get_strikes_since" time="0.001" /><testcase classname="tests.test_dataimport.TestStrikesBlitzortungDataProvider" name="test_get_strikes_since_with_builder_error" time="0.001" /><testcase classname="tests.test_dataimport.TestStrikesBlitzortungDataProvider" name="test_get_strikes_since_with_generic_exception" time="0.001" /><testcase classname="tests.test_geom.TestGeometry" name="test_default_values" time="0.000" /><testcase classname="tests.test_geom.TestGeometry" name="test_create_with_different_srid" time="0.000" /><testcase classname="tests.test_geom.TestEnvelope" name="test_default_values" time="0.000" /><testcase classname="tests.test_geom.TestEnvelope" name="test_custom_srid_value" time="0.000" /><testcase classname="tests.test_geom.TestEnvelope" name="test_get_envelope_coordinate_components" time="0.000" /><testcase classname="tests.test_geom.TestEnvelope" name="test_get_envelope_parameters" time="0.000" /><testcase classname="tests.test_geom.TestEnvelope" name="test_contains_point_inside_envelope" time="0.000" /><testcase classname="tests.test_geom.TestEnvelope" name="test_contains_point_on_border" time="0.000" /><testcase classname="tests.test_geom.TestEnvelope" name="test_does_not_contain_point_outside_border" time="0.000" /><testcase classname="tests.test_geom.TestEnvelope" name="test_get_env" time="0.002" /><testcase classname="tests.test_geom.TestEnvelope" name="test_str" time="0.000" /><testcase classname="tests.test_geom.TestGrid" name="test_get_x_div" time="0.000" /><testcase classname="tests.test_geom.TestGrid" name="test_get_y_div" time="0.000" /><testcase classname="tests.test_geom.TestGrid" name="test_get_x_bin_count" time="0.000" /><testcase classname="tests.test_geom.TestGrid" name="test_get_y_bin_count" time="0.000" /><testcase classname="tests.test_geom.TestGrid" name="test_get_x_bin" time="0.000" /><testcase classname="tests.test_geom.TestGrid" name="test_get_y_bin" time="0.000" /><testcase classname="tests.test_geom.TestGrid" name="test_get_x_center" time="0.000" /><testcase classname="tests.test_geom.TestGrid" name="test_get_y_center" time="0.000" /><testcase classname="tests.test_geom.TestGrid" name="test_repr" time="0.000" /><testcase classname="tests.test_geom.TestGridFactory" name="test_get_for_srid" time="0.001" /><testcase classname="tests.test_geom.TestGridFactory" name="test_grid_boundaries" time="0.002" /><testcase classname="tests.test_geom.TestGridFactory" name="test_get_for_cache" time="0.001" /><testcase classname="tests.test_geom.TestGridFactory" name="test_grid_outside_upper_range" time="0.001" /><testcase classname="tests.test_geom.TestGridFactory" name="test_grid_outside_lower_range" time="0.001" /><testcase classname="tests.test_geom.TestRasterElement" name="test_count" time="0.000" /><testcase classname="tests.test_geom.TestRasterElement" name="test_timestamp" time="0.000" /><testcase classname="tests.test_geom.TestRasterElement" name="test_comparison" time="0.000" /><testcase classname="tests.test_geom.TestRasterElement" name="test_string_representation" time="0.000" /><testcase classname="tests.test_lock.TestFailedToAcquireException" name="test_is_exception_subclass" time="0.000" /><testcase classname="tests.test_lock.TestFailedToAcquireException" name="test_can_be_raised" time="0.000" /><testcase classname="tests.test_lock.TestFailedToAcquireException" name="test_can_be_raised_with_message" time="0.000" /><testcase classname="tests.test_lock.TestLockWithTimeout" name="test_lock_inherits_from_interprocess_lock" time="0.000" /><testcase classname="tests.test_lock.TestLockWithTimeout" name="test_lock_has_locked_method" time="0.001" /><testcase classname="tests.test_lock.TestLockWithTimeout" name="test_locked_is_context_manager" time="0.000" /><testcase classname="tests.test_lock.TestLockWithTimeout" name="test_locked_acquires_lock_with_timeout" time="0.001" /><testcase classname="tests.test_lock.TestLockWithTimeout" name="test_locked_raises_exception_on_failed_acquire" time="0.001" /><testcase classname="tests.test_lock.TestLockWithTimeout" name="test_locked_calls_acquire_with_timeout" time="0.001" /><testcase classname="tests.test_lock.TestLockWithTimeout" name="test_locked_releases_lock_after_context" time="0.001" /><testcase classname="tests.test_lock.TestLockWithTimeout" name="test_locked_releases_lock_on_exception" time="0.001" /><testcase classname="tests.test_lock.TestLockWithTimeout" name="test_locked_timeout_parameter_is_passed" time="0.002" /><testcase classname="tests.test_lock.TestLockWithTimeout" name="test_locked_context_manager_yield" time="0.001" /><testcase classname="tests.test_logger.TestCreateConsoleHandler" name="test_creates_stream_handler" time="0.000" /><testcase classname="tests.test_logger.TestCreateConsoleHandler" name="test_handler_has_formatter" time="0.000" /><testcase classname="tests.test_logger.TestCreateConsoleHandler" name="test_formatter_format_string" time="0.000" /><testcase classname="tests.test_logger.TestCreateConsoleHandler" name="test_formatter_produces_expected_output" time="0.000" /><testcase classname="tests.test_logger.TestGetLoggerName" name="test_logger_name_from_class" time="0.000" /><testcase classname="tests.test_logger.TestGetLoggerName" name="test_logger_name_includes_module" time="0.000" /><testcase classname="tests.test_logger.TestGetLoggerName" name="test_logger_name_format" time="0.000" /><testcase classname="tests.test_logger.TestGetLoggerName" name="test_logger_name_for_builtin_class" time="0.000" /><testcase classname="tests.test_logger.TestGetLoggerName" name="test_logger_name_for_imported_class" time="0.000" /><testcase classname="tests.test_util.TestTimeIntervals" name="test_time_intervals_generator" time="0.000" /><testcase classname="tests.test_util.TestTimeIntervals" name="test_time_intervals_generator_at_start_of_interval" time="0.000" /><testcase classname="tests.test_util.TestTimeIntervals" name="test_time_intervals_generator_before_start_of_interval" time="0.000" /><testcase classname="tests.test_util.TestTimeIntervals" name="test_time_intervals_generator_at_current_time" time="0.000" /><testcase classname="tests.test_util.TestRoundTime" name="test_round_time_with_datetime" time="0.000" /><testcase classname="tests.test_util.TestRoundTime" name="test_round_time_with_timestamp" time="0.000" /><testcase classname="tests.test_util.TestRoundTime" name="test_round_time_does_not_touch_datetime_argument" time="0.000" /><testcase classname="tests.test_util.TestRoundTime" name="test_round_time_does_not_touch_timestamp_argument" time="0.000" /><testcase classname="tests.test_util.TestLimit" name="test_limit_value_in_rage" time="0.000" /><testcase classname="tests.test_util.TestLimit" name="test_limit_value_below_rage" time="0.000" /><testcase classname="tests.test_util.TestLimit" name="test_limit_value_above_rage" time="0.000" /><testcase classname="tests.test_util.TestTimer" name="test_initialization" time="0.000" /><testcase classname="tests.test_util.TestTimer" name="test_read" time="0.013" /><testcase classname="tests.test_util.TestTimer" name="test_lap" time="0.025" /><testcase classname="tests.test_util.TestTotalSeconds" name="test_with_datetime" time="0.000" /><testcase classname="tests.test_util.TestTotalSeconds" name="test_with_timestamp" time="0.000" /><testcase classname="tests.test_util.TestTotalSeconds" name="test_with_timedelta" time="0.000" /><testcase classname="tests.test_util.TestTotalSeconds" name="test_with_timedelta_and_days" time="0.000" /><testcase classname="tests.test_util.TestTotalSeconds" name="test_invalid_type_raises_error" time="0.000" /><testcase classname="tests.test_websocket" name="test_decode" time="0.001" /></testsuite></testsuites>